version https://git-lfs.github.com/spec/v1
oid sha256:e0289ff0652bd33727632478a106723808ae6167b9b7008a2fbbc2b8f09fa9a6
size 14517061
