version https://git-lfs.github.com/spec/v1
oid sha256:1d11647c883028ba6cc02c104b7f3c8359718d4587a95e641e5ab1881dc39521
size 1668249
